Application starting...
ShowWindow called
InitD3D12: Hardware adapter obtained
CreateRT: Compiling shader...
CreateRT: CreateStateObject...
CreateRT: StateObject OK
CreateRT: IDs retrieved: RG=000001CF6AEDBCA0, Ms=000001CF6AEDB0C0, HG=000001CF6AEDB110
CreateRT: Shader table uploaded
CreateRT: UAV descriptor heap created
CreateRT: Output texture created
CreateRT: UAV view created
InitD3D12: CreateRayTracingPipeline finished
InitD3D12: Before CreateCommandQueue
InitD3D12: CreateCommandQueue succeeded
InitD3D12: Before CreateSwapChainForHwnd
InitD3D12: Swap chain created
InitD3D12: RTVs created
InitD3D12: Before CBV/SRV allocator Init
InitD3D12: CBV/SRV allocator initialized
InitD3D12: ImGui descriptor heap created
InitD3D12: per-frame command allocators created
InitD3D12: Post-pipeline initialization reached
InitD3D12: Completed OK (returning true)
InitD3D12 returned OK
tinygltf err: Failed to decode 'uri' : data:application/octet-stream;base64,AAAAvwAAAL8AAAAAAAAPwAAAL8AAAAAAAAAD8AAAAAAQAAAgAAAAA= in Buffer

tinygltf: Failed to load glTF file assets/sample.gltf
AutoLoad: failed to load assets/sample.gltf
AutoLoad: creating programmatic assets/sample.glb
AutoLoad: glb load returned 1 (meshes=1)
BuildAS: Entering BuildAccelerationStructures (meshes=1)
BuildAS: Completed BuildAccelerationStructures
Entering main loop
